23:53:31 **** Incremental Build of configuration Debug for project board_code ****
make all 
Building file: ../Src/main.c
Invoking: MCU GCC Compiler
%cd%
arm-none-eabi-gcc -mcpu=cortex-m7 -mthumb -mfloat-abi=hard -mfpu=fpv5-sp-d16 -D__weak="__attribute__((weak))" -D__packed="__attribute__((__packed__))" -DUSE_HAL_DRIVER -DSTM32F746xx -I"C:/Users/paull/Desktop/school2016-2017/project_embedded/board_code/board_code/Inc" -I"C:/Users/paull/Desktop/school2016-2017/project_embedded/board_code/board_code/Middlewares/Third_Party/LwIP/src/include" -I"C:/Users/paull/Desktop/school2016-2017/project_embedded/board_code/board_code/Middlewares/Third_Party/LwIP/system" -I"C:/Users/paull/Desktop/school2016-2017/project_embedded/board_code/board_code/Drivers/STM32F7xx_HAL_Driver/Inc" -I"C:/Users/paull/Desktop/school2016-2017/project_embedded/board_code/board_code/Drivers/STM32F7xx_HAL_Driver/Inc/Legacy" -I"C:/Users/paull/Desktop/school2016-2017/project_embedded/board_code/board_code/Middlewares/ST/STM32_USB_Device_Library/Core/Inc" -I"C:/Users/paull/Desktop/school2016-2017/project_embedded/board_code/board_code/Middlewares/ST/STM32_USB_Device_Library/Class/CDC/Inc" -I"C:/Users/paull/Desktop/school2016-2017/project_embedded/board_code/board_code/Drivers/CMSIS/Device/ST/STM32F7xx/Include" -I"C:/Users/paull/Desktop/school2016-2017/project_embedded/board_code/board_code/Middlewares/Third_Party/LwIP/src/include/lwip" -I"C:/Users/paull/Desktop/school2016-2017/project_embedded/board_code/board_code/Middlewares/Third_Party/LwIP/src/include/lwip/apps" -I"C:/Users/paull/Desktop/school2016-2017/project_embedded/board_code/board_code/Middlewares/Third_Party/LwIP/src/include/lwip/priv" -I"C:/Users/paull/Desktop/school2016-2017/project_embedded/board_code/board_code/Middlewares/Third_Party/LwIP/src/include/netif" -I"C:/Users/paull/Desktop/school2016-2017/project_embedded/board_code/board_code/Middlewares/Third_Party/LwIP/src/include/netif/ppp" -I"C:/Users/paull/Desktop/school2016-2017/project_embedded/board_code/board_code/Middlewares/Third_Party/LwIP/src/include/netif/ppp/polarssl" -I"C:/Users/paull/Desktop/school2016-2017/project_embedded/board_code/board_code/Middlewares/Third_Party/LwIP/src/include/posix" -I"C:/Users/paull/Desktop/school2016-2017/project_embedded/board_code/board_code/Middlewares/Third_Party/LwIP/src/include/posix/sys" -I"C:/Users/paull/Desktop/school2016-2017/project_embedded/board_code/board_code/Middlewares/Third_Party/LwIP/system/arch" -I"C:/Users/paull/Desktop/school2016-2017/project_embedded/board_code/board_code/Drivers/CMSIS/Include" -I"C:/Users/paull/Desktop/school2016-2017/project_embedded/board_code/board_code/Drivers/BSP" -I"C:/Users/paull/Desktop/school2016-2017/project_embedded/board_code/board_code/Drivers/BSP/inc" -I"C:/Users/paull/Desktop/school2016-2017/project_embedded/board_code/board_code/Drivers/BSP/src" -I"C:/Users/paull/Desktop/school2016-2017/project_embedded/board_code/board_code/Drivers/Common" -I"C:/Users/paull/Desktop/school2016-2017/project_embedded/board_code/board_code/Drivers/Components" -I"C:/Users/paull/Desktop/school2016-2017/project_embedded/board_code/board_code/Drivers/Components/ft5336" -I"C:/Users/paull/Desktop/school2016-2017/project_embedded/board_code/board_code/Drivers/Components/rk043fn48h" -I"C:/Users/paull/Desktop/school2016-2017/project_embedded/board_code/board_code/Drivers/Utilities" -I"C:/Users/paull/Desktop/school2016-2017/project_embedded/board_code/board_code/Drivers/Utilities/Fonts"  -O0 -g3 -Wall -fmessage-length=0 -ffunction-sections -c -fmessage-length=0 -MMD -MP -MF"Src/main.d" -MT"Src/main.o" -o "Src/main.o" "../Src/main.c"
../Src/main.c: In function 'main':
../Src/main.c:191:11: warning: unused variable 'kansen' [-Wunused-variable]
   uint8_t kansen = 0;
           ^
../Src/main.c:190:11: warning: unused variable 'score' [-Wunused-variable]
   uint8_t score = 0;
           ^
../Src/main.c:189:11: warning: unused variable 'start' [-Wunused-variable]
   uint8_t start = 0;
           ^
Finished building: ../Src/main.c
 
Building target: board_code.elf
Invoking: MCU GCC Linker
arm-none-eabi-gcc -mcpu=cortex-m7 -mthumb -mfloat-abi=hard -mfpu=fpv5-sp-d16 -specs=nosys.specs -specs=nano.specs -T"../STM32F746NGHx_FLASH.ld" -Wl,-Map=output.map -Wl,--gc-sections -lm -o "board_code.elf" @"objects.list"  
Finished building target: board_code.elf
 
make --no-print-directory post-build
Generating binary and Printing size information:
arm-none-eabi-objcopy -O binary "board_code.elf" "board_code.bin"
arm-none-eabi-size "board_code.elf"
   text	   data	    bss	    dec	    hex	filename
 365676	    584	  75736	 441996	  6be8c	board_code.elf
 

23:53:34 Build Finished (took 3s.540ms)

